#
# There is insufficient memory for the Java Runtime Environment to continue.
# Native memory allocation (mmap) failed to map 394264576 bytes for G1 virtual space
# Possible reasons:
#   The system is out of physical RAM or swap space
#   The process is running with CompressedOops enabled, and the Java Heap may be blocking the growth of the native heap
# Possible solutions:
#   Reduce memory load on the system
#   Increase physical memory or swap space
#   Check if swap backing store is full
#   Decrease Java heap size (-Xmx/-Xms)
#   Decrease number of Java threads
#   Decrease Java thread stack sizes (-Xss)
#   Set larger code cache with -XX:ReservedCodeCacheSize=
#   JVM is running with Zero Based Compressed Oops mode in which the Java heap is
#     placed in the first 32GB address space. The Java Heap base address is the
#     maximum limit for the native heap growth. Please use -XX:HeapBaseMinAddress
#     to set the Java Heap base and to place the Java Heap above 32GB virtual address.
# This output file may be truncated or incomplete.
#
#  Out of Memory Error (os_windows.cpp:3829), pid=544, tid=10816
#
# JRE version:  (17.0.8+7) (build )
# Java VM: OpenJDK 64-Bit Server VM (17.0.8+7-b1000.8, mixed mode, sharing, tiered, compressed oops, compressed class ptrs, g1 gc, windows-amd64)
# No core dump will be written. Minidumps are not enabled by default on client versions of Windows
#

---------------  S U M M A R Y ------------

Command Line: git4idea.http.GitAskPassApp Password for 'https://hyNetz@bitbucket.org': 

Host: AMD Ryzen 7 5700U with Radeon Graphics         , 16 cores, 23G,  Windows 11 , 64 bit Build 26100 (10.0.26100.5074)
Time: Mon Sep 22 06:34:13 2025 Coordinated Universal Time elapsed time: 0.035905 seconds (0d 0h 0m 0s)

---------------  T H R E A D  ---------------

Current thread (0x0000025ab19ac5d0):  JavaThread "Unknown thread" [_thread_in_vm, id=10816, stack(0x000000deddb00000,0x000000deddc00000)]

Stack: [0x000000deddb00000,0x000000deddc00000]
Native frames: (J=compiled Java code, j=interpreted, Vv=VM code, C=native code)
V  [jvm.dll+0x6852da]
V  [jvm.dll+0x844c84]
V  [jvm.dll+0x84659e]
V  [jvm.dll+0x846c03]
V  [jvm.dll+0x24b7cf]
V  [jvm.dll+0x682049]
V  [jvm.dll+0x67671a]
V  [jvm.dll+0x30be2b]
V  [jvm.dll+0x3132d6]
V  [jvm.dll+0x36302e]
V  [jvm.dll+0x36325f]
V  [jvm.dll+0x2e1f48]
V  [jvm.dll+0x2e2eb4]
V  [jvm.dll+0x815c11]
V  [jvm.dll+0x370df1]
V  [jvm.dll+0x7f4fdc]
V  [jvm.dll+0x3f3f1f]
V  [jvm.dll+0x3f5b31]
C  [jli.dll+0x528f]
C  [ucrtbase.dll+0x37b0]
C  [KERNEL32.DLL+0x2e8d7]
C  [ntdll.dll+0x8d9c]


---------------  P R O C E S S  ---------------

Threads class SMR info:
_java_thread_list=0x00007ff80a310098, length=0, elements={
}

Java Threads: ( => current thread )

Other Threads:
  0x0000025ab1a33f80 GCTaskThread "GC Thread#0" [stack: 0x000000deddc00000,0x000000deddd00000] [id=15720]
  0x0000025ab1a416b0 ConcurrentGCThread "G1 Main Marker" [stack: 0x000000deddd00000,0x000000dedde00000] [id=32000]
  0x0000025ab1a420c0 ConcurrentGCThread "G1 Conc#0" [stack: 0x000000dedde00000,0x000000deddf00000] [id=15020]

[error occurred during error reporting (printing all threads), id 0xc0000005, EXCEPTION_ACCESS_VIOLATION (0xc0000005) at pc=0x00007ff809ac2ab7]

VM state: not at safepoint (not fully initialized)

VM Mutex/Monitor currently owned by a thread:  ([mutex/lock_event])
[0x0000025ab19a7180] Heap_lock - owner thread: 0x0000025ab19ac5d0

Heap address: 0x0000000689c00000, size: 5988 MB, Compressed Oops mode: Zero based, Oop shift amount: 3

CDS archive(s) mapped at: [0x0000000000000000-0x0000000000000000-0x0000000000000000), size 0, SharedBaseAddress: 0x0000000800000000, ArchiveRelocationMode: 1.
Narrow klass base: 0x0000000000000000, Narrow klass shift: 0, Narrow klass range: 0x0

GC Precious Log:
<Empty>

Heap:
 garbage-first heap   total 0K, used 0K [0x0000000689c00000, 0x0000000800000000)
  region size 4096K, 0 young (0K), 0 survivors (0K)
 Metaspace       used 0K, committed 0K, reserved 0K
  class space    used 0K, committed 0K, reserved 0K

Heap Regions: E=young(eden), S=young(survivor), O=old, HS=humongous(starts), HC=humongous(continues), CS=collection set, F=free, OA=open archive, CA=closed archive, TAMS=top-at-mark-start (previous, next)

Card table byte_map: [0x0000025ac5550000,0x0000025ac6110000] _byte_map_base: 0x0000025ac2102000

Marking Bits (Prev, Next): (CMBitMap*) 0x0000025ab1a345a0, (CMBitMap*) 0x0000025ab1a345e0
 Prev Bits: [0x0000025ac6cd0000, 0x0000025acca60000)
 Next Bits: [0x0000025acca60000, 0x0000025ad27f0000)

GC Heap History (0 events):
No events

Dll operation events (1 events):
Event: 0.022 Loaded shared library C:\Program Files\JetBrains\IntelliJ IDEA 2022.3.2\jbr\bin\java.dll

Deoptimization events (0 events):
No events

Classes unloaded (0 events):
No events

Classes redefined (0 events):
No events

Internal exceptions (0 events):
No events

VM Operations (0 events):
No events

Events (0 events):
No events


Dynamic libraries:
0x00007ff620b00000 - 0x00007ff620b0a000 	C:\Program Files\JetBrains\IntelliJ IDEA 2022.3.2\jbr\bin\java.exe
0x00007ff8d0d80000 - 0x00007ff8d0fe9000 	C:\WINDOWS\SYSTEM32\ntdll.dll
0x00007ff8cfae0000 - 0x00007ff8cfba9000 	C:\WINDOWS\System32\KERNEL32.DLL
0x00007ff8ce6a0000 - 0x00007ff8cea93000 	C:\WINDOWS\System32\KERNELBASE.dll
0x00007ff8ce1e0000 - 0x00007ff8ce32b000 	C:\WINDOWS\System32\ucrtbase.dll
0x00007ff899e30000 - 0x00007ff899e4b000 	C:\Program Files\JetBrains\IntelliJ IDEA 2022.3.2\jbr\bin\VCRUNTIME140.dll
0x00007ff8ac020000 - 0x00007ff8ac037000 	C:\Program Files\JetBrains\IntelliJ IDEA 2022.3.2\jbr\bin\jli.dll
0x00007ff8d09a0000 - 0x00007ff8d0b64000 	C:\WINDOWS\System32\USER32.dll
0x00007ff8b98e0000 - 0x00007ff8b9b73000 	C:\WINDOWS\WinSxS\amd64_microsoft.windows.common-controls_6595b64144ccf1df_6.0.26100.5074_none_3e0d6f78e32fd63f\COMCTL32.dll
0x00007ff8ce330000 - 0x00007ff8ce357000 	C:\WINDOWS\System32\win32u.dll
0x00007ff8d0270000 - 0x00007ff8d029b000 	C:\WINDOWS\System32\GDI32.dll
0x00007ff8cec30000 - 0x00007ff8cecd9000 	C:\WINDOWS\System32\msvcrt.dll
0x00007ff8ce360000 - 0x00007ff8ce48d000 	C:\WINDOWS\System32\gdi32full.dll
0x00007ff8ceaa0000 - 0x00007ff8ceb43000 	C:\WINDOWS\System32\msvcp_win.dll
0x00007ff8cfdb0000 - 0x00007ff8cfddf000 	C:\WINDOWS\System32\IMM32.DLL
0x00007ff8acd60000 - 0x00007ff8acd6c000 	C:\Program Files\JetBrains\IntelliJ IDEA 2022.3.2\jbr\bin\vcruntime140_1.dll
0x00007ff847640000 - 0x00007ff8476cd000 	C:\Program Files\JetBrains\IntelliJ IDEA 2022.3.2\jbr\bin\msvcp140.dll
0x00007ff8097d0000 - 0x00007ff80a453000 	C:\Program Files\JetBrains\IntelliJ IDEA 2022.3.2\jbr\bin\server\jvm.dll
0x00007ff8cf220000 - 0x00007ff8cf2d4000 	C:\WINDOWS\System32\ADVAPI32.dll
0x00007ff8cf2e0000 - 0x00007ff8cf386000 	C:\WINDOWS\System32\sechost.dll
0x00007ff8d0850000 - 0x00007ff8d0968000 	C:\WINDOWS\System32\RPCRT4.dll
0x00007ff8cdd70000 - 0x00007ff8cddce000 	C:\WINDOWS\SYSTEM32\POWRPROF.dll
0x00007ff860220000 - 0x00007ff86022a000 	C:\WINDOWS\SYSTEM32\WSOCK32.dll
0x00007ff8c77e0000 - 0x00007ff8c7815000 	C:\WINDOWS\SYSTEM32\WINMM.dll
0x00007ff8cf040000 - 0x00007ff8cf0b4000 	C:\WINDOWS\System32\WS2_32.dll
0x00007ff8c7820000 - 0x00007ff8c782b000 	C:\WINDOWS\SYSTEM32\VERSION.dll
0x00007ff8cdd50000 - 0x00007ff8cdd64000 	C:\WINDOWS\SYSTEM32\UMPDC.dll
0x00007ff8cccb0000 - 0x00007ff8ccccb000 	C:\WINDOWS\SYSTEM32\kernel.appcore.dll
0x00007ff8bc2b0000 - 0x00007ff8bc2ba000 	C:\Program Files\JetBrains\IntelliJ IDEA 2022.3.2\jbr\bin\jimage.dll
0x00007ff8cb6c0000 - 0x00007ff8cb902000 	C:\WINDOWS\SYSTEM32\DBGHELP.DLL
0x00007ff8cfdf0000 - 0x00007ff8d016b000 	C:\WINDOWS\System32\combase.dll
0x00007ff8ceb50000 - 0x00007ff8cec27000 	C:\WINDOWS\System32\OLEAUT32.dll
0x00007ff8b7720000 - 0x00007ff8b775d000 	C:\WINDOWS\SYSTEM32\dbgcore.DLL
0x00007ff8cdfd0000 - 0x00007ff8ce069000 	C:\WINDOWS\System32\bcryptPrimitives.dll
0x00007ff8adc40000 - 0x00007ff8adc65000 	C:\Program Files\JetBrains\IntelliJ IDEA 2022.3.2\jbr\bin\java.dll

dbghelp: loaded successfully - version: 4.0.5 - missing functions: none
symbol engine: initialized successfully - sym options: 0x614 - pdb path: .;C:\Program Files\JetBrains\IntelliJ IDEA 2022.3.2\jbr\bin;C:\WINDOWS\SYSTEM32;C:\WINDOWS\WinSxS\amd64_microsoft.windows.common-controls_6595b64144ccf1df_6.0.26100.5074_none_3e0d6f78e32fd63f;C:\Program Files\JetBrains\IntelliJ IDEA 2022.3.2\jbr\bin\server

VM Arguments:
java_command: git4idea.http.GitAskPassApp Password for 'https://hyNetz@bitbucket.org': 
java_class_path (initial): C:/Program Files/JetBrains/IntelliJ IDEA 2022.3.2/plugins/vcs-git/lib/git4idea-rt.jar;C:/Program Files/JetBrains/IntelliJ IDEA 2022.3.2/lib/externalProcess-rt.jar
Launcher Type: SUN_STANDARD

[Global flags]
     intx CICompilerCount                          = 12                                        {product} {ergonomic}
     uint ConcGCThreads                            = 3                                         {product} {ergonomic}
     uint G1ConcRefinementThreads                  = 13                                        {product} {ergonomic}
   size_t G1HeapRegionSize                         = 4194304                                   {product} {ergonomic}
    uintx GCDrainStackTargetSize                   = 64                                        {product} {ergonomic}
   size_t InitialHeapSize                          = 394264576                                 {product} {ergonomic}
   size_t MarkStackSize                            = 4194304                                   {product} {ergonomic}
   size_t MaxHeapSize                              = 6278873088                                {product} {ergonomic}
   size_t MinHeapDeltaBytes                        = 4194304                                   {product} {ergonomic}
   size_t MinHeapSize                              = 8388608                                   {product} {ergonomic}
    uintx NonNMethodCodeHeapSize                   = 7602480                                {pd product} {ergonomic}
    uintx NonProfiledCodeHeapSize                  = 122027880                              {pd product} {ergonomic}
    uintx ProfiledCodeHeapSize                     = 122027880                              {pd product} {ergonomic}
    uintx ReservedCodeCacheSize                    = 251658240                              {pd product} {ergonomic}
     bool SegmentedCodeCache                       = true                                      {product} {ergonomic}
   size_t SoftMaxHeapSize                          = 6278873088                             {manageable} {ergonomic}
     bool UseCompressedClassPointers               = true                           {product lp64_product} {ergonomic}
     bool UseCompressedOops                        = true                           {product lp64_product} {ergonomic}
     bool UseG1GC                                  = true                                      {product} {ergonomic}
     bool UseLargePagesIndividualAllocation        = false                                  {pd product} {ergonomic}

Logging:
Log output configuration:
 #0: stdout all=warning uptime,level,tags
 #1: stderr all=off uptime,level,tags

Environment Variables:
JAVA_HOME=C:\Program Files\Java\jdk-17.0.3.1
PATH=C:\Program Files\Git\mingw64\libexec\git-core;C:\Program Files\Git\mingw64\libexec\git-core;C:\Program Files\Git\mingw64\bin;C:\Program Files\Git\usr\bin;C:\Users\ASUS\bin;C:\Program Files\Common Files\Oracle\Java\javapath;C:\WINDOWS\system32;C:\WINDOWS;C:\WINDOWS\System32\Wbem;C:\WINDOWS\System32\WindowsPowerShell\v1.0;C:\WINDOWS\System32\OpenSSH;C:\Program Files\Java\jdk-17.0.3.1\bin;C:\Program Files\Git\cmd;C:\wamp64\bin\php\php7.2.34;C:\composer;C:\Program Files\Microsoft SQL Server\150\Tools\Binn;C:\Program Files\Amazon\AWSCLIV2;C:\Program Files\Docker\Docker\resources\bin;C:\Program Files\nodejs;C:\Users\ASUS\AppData\Local\pnpm;C:\Users\ASUS\AppData\Local\Microsoft\WindowsApps;C:\Users\ASUS\AppData\Local\GitHubDesktop\bin;C:\Program Files\JetBrains\IntelliJ IDEA 2022.3.2\bin;C:\Users\ASUS\AppData\Local\Programs\Microsoft VS Code\bin;C:\Users\ASUS\AppData\Roaming\Composer\vendor\bin;C:\Users\ASUS\AppData\Local\Microsoft\WinGet\Packages\Schniz.fnm_Microsoft.Winget.Source_8wekyb3d8bbwe;C:\Users\ASUS\AppData\Roaming\npm
USERNAME=ASUS
DISPLAY=:0.0
LC_ALL=en_US.UTF-8
TERM=xterm-256color
TMPDIR=C:\Users\ASUS\AppData\Local\Temp
OS=Windows_NT
PROCESSOR_IDENTIFIER=AMD64 Family 23 Model 104 Stepping 1, AuthenticAMD
TMP=C:\Users\ASUS\AppData\Local\Temp
TEMP=C:\Users\ASUS\AppData\Local\Temp


JNI global refs:
JNI global refs: 0, weak refs: 0

JNI global refs memory usage: 0, weak refs: 0

OOME stack traces (most recent first):
Classloader memory used:


---------------  S Y S T E M  ---------------

OS:
 Windows 11 , 64 bit Build 26100 (10.0.26100.5074)
OS uptime: 6 days 0:53 hours
Hyper-V role detected

CPU: total 16 (initial active 16) (16 cores per cpu, 2 threads per core) family 23 model 104 stepping 1 microcode 0x8608103, cx8, cmov, fxsr, ht, mmx, 3dnowpref, sse, sse2, sse3, ssse3, sse4a, sse4.1, sse4.2, popcnt, lzcnt, tsc, tscinvbit, avx, avx2, aes, clmul, bmi1, bmi2, adx, sha, fma, vzeroupper, clflush, clflushopt, hv
Processor Information for all 16 processors :
  Max Mhz: 1801, Current Mhz: 1801, Mhz Limit: 1801

Memory: 4k page, system-wide physical 23947M (3720M free)
TotalPageFile size 53831M (AvailPageFile size 228M)
current process WorkingSet (physical memory assigned to process): 12M, peak: 12M
current process commit charge ("private bytes"): 70M, peak: 446M

vm_info: OpenJDK 64-Bit Server VM (17.0.8+7-b1000.8) for windows-amd64 JRE (17.0.8+7-b1000.8), built on 2023-08-04 by "builduser" with MS VC++ 16.10 / 16.11 (VS2019)

END.
