#
# There is insufficient memory for the Java Runtime Environment to continue.
# Native memory allocation (mmap) failed to map 394264576 bytes for G1 virtual space
# Possible reasons:
#   The system is out of physical RAM or swap space
#   The process is running with CompressedOops enabled, and the Java Heap may be blocking the growth of the native heap
# Possible solutions:
#   Reduce memory load on the system
#   Increase physical memory or swap space
#   Check if swap backing store is full
#   Decrease Java heap size (-Xmx/-Xms)
#   Decrease number of Java threads
#   Decrease Java thread stack sizes (-Xss)
#   Set larger code cache with -XX:ReservedCodeCacheSize=
#   JVM is running with Zero Based Compressed Oops mode in which the Java heap is
#     placed in the first 32GB address space. The Java Heap base address is the
#     maximum limit for the native heap growth. Please use -XX:HeapBaseMinAddress
#     to set the Java Heap base and to place the Java Heap above 32GB virtual address.
# This output file may be truncated or incomplete.
#
#  Out of Memory Error (os_windows.cpp:3769), pid=9644, tid=3584
#
# JRE version:  (17.0.6+1) (build )
# Java VM: OpenJDK 64-Bit Server VM (17.0.6+1-b653.34, mixed mode, sharing, tiered, compressed oops, compressed class ptrs, g1 gc, windows-amd64)
# No core dump will be written. Minidumps are not enabled by default on client versions of Windows
#

---------------  S U M M A R Y ------------

Command Line: git4idea.http.GitAskPassApp Password for 'https://hyNetz@bitbucket.org': 

Host: AMD Ryzen 7 5700U with Radeon Graphics         , 16 cores, 23G,  Windows 11 , 64 bit Build 22621 (10.0.22621.1485)
Time: Tue May  2 10:03:22 2023 Coordinated Universal Time elapsed time: 0.011799 seconds (0d 0h 0m 0s)

---------------  T H R E A D  ---------------

Current thread (0x00000168a0b8c700):  JavaThread "Unknown thread" [_thread_in_vm, id=3584, stack(0x0000000e95400000,0x0000000e95500000)]

Stack: [0x0000000e95400000,0x0000000e95500000]
Native frames: (J=compiled Java code, j=interpreted, Vv=VM code, C=native code)
V  [jvm.dll+0x683b4a]
V  [jvm.dll+0x842654]
V  [jvm.dll+0x843dfe]
V  [jvm.dll+0x844463]
V  [jvm.dll+0x249b75]
V  [jvm.dll+0x680a19]
V  [jvm.dll+0x674f0a]
V  [jvm.dll+0x309acb]
V  [jvm.dll+0x310f86]
V  [jvm.dll+0x3608ee]
V  [jvm.dll+0x360b1f]
V  [jvm.dll+0x2dfbf8]
V  [jvm.dll+0x2e0b64]
V  [jvm.dll+0x813f41]
V  [jvm.dll+0x36e6a1]
V  [jvm.dll+0x7f347c]
V  [jvm.dll+0x3f0e8f]
V  [jvm.dll+0x3f29d1]
C  [jli.dll+0x526b]
C  [ucrtbase.dll+0x29363]
C  [KERNEL32.DLL+0x1269d]
C  [ntdll.dll+0x5a9f8]


---------------  P R O C E S S  ---------------

Threads class SMR info:
_java_thread_list=0x00007ffb096bc058, length=0, elements={
}

Java Threads: ( => current thread )

Other Threads:
  0x00000168a0c11f90 GCTaskThread "GC Thread#0" [stack: 0x0000000e95500000,0x0000000e95600000] [id=496]
  0x00000168a0c1fb50 ConcurrentGCThread "G1 Main Marker" [stack: 0x0000000e95600000,0x0000000e95700000] [id=8156]
  0x00000168a0c20d00 ConcurrentGCThread "G1 Conc#0" [stack: 0x0000000e95700000,0x0000000e95800000] [id=18868]

[error occurred during error reporting (printing all threads), id 0xc0000005, EXCEPTION_ACCESS_VIOLATION (0xc0000005) at pc=0x00007ffb08e70797]

VM state: not at safepoint (not fully initialized)

VM Mutex/Monitor currently owned by a thread:  ([mutex/lock_event])
[0x00000168a0b8b380] Heap_lock - owner thread: 0x00000168a0b8c700

Heap address: 0x0000000689c00000, size: 5988 MB, Compressed Oops mode: Zero based, Oop shift amount: 3

CDS archive(s) mapped at: [0x0000000000000000-0x0000000000000000-0x0000000000000000), size 0, SharedBaseAddress: 0x0000000800000000, ArchiveRelocationMode: 0.
Narrow klass base: 0x0000000000000000, Narrow klass shift: 0, Narrow klass range: 0x0

GC Precious Log:
<Empty>

Heap:
 garbage-first heap   total 0K, used 0K [0x0000000689c00000, 0x0000000800000000)
  region size 4096K, 0 young (0K), 0 survivors (0K)

[error occurred during error reporting (printing heap information), id 0xc0000005, EXCEPTION_ACCESS_VIOLATION (0xc0000005) at pc=0x00007ffb0925d939]

GC Heap History (0 events):
No events

Dll operation events (1 events):
Event: 0.008 Loaded shared library C:\Program Files\JetBrains\PhpStorm 2022.3.3\jbr\bin\java.dll

Deoptimization events (0 events):
No events

Classes unloaded (0 events):
No events

Classes redefined (0 events):
No events

Internal exceptions (0 events):
No events

VM Operations (0 events):
No events

Events (0 events):
No events


Dynamic libraries:
0x00007ff79a450000 - 0x00007ff79a45a000 	C:\Program Files\JetBrains\PhpStorm 2022.3.3\jbr\bin\java.exe
0x00007ffb4d410000 - 0x00007ffb4d624000 	C:\WINDOWS\SYSTEM32\ntdll.dll
0x00007ffb4bf20000 - 0x00007ffb4bfe2000 	C:\WINDOWS\System32\KERNEL32.DLL
0x00007ffb4ae80000 - 0x00007ffb4b21c000 	C:\WINDOWS\System32\KERNELBASE.dll
0x00007ffb4a850000 - 0x00007ffb4a961000 	C:\WINDOWS\System32\ucrtbase.dll
0x00007ffb27c00000 - 0x00007ffb27c17000 	C:\Program Files\JetBrains\PhpStorm 2022.3.3\jbr\bin\jli.dll
0x00007ffb27b80000 - 0x00007ffb27b9b000 	C:\Program Files\JetBrains\PhpStorm 2022.3.3\jbr\bin\VCRUNTIME140.dll
0x00007ffb4c070000 - 0x00007ffb4c21b000 	C:\WINDOWS\System32\USER32.dll
0x00007ffb3a610000 - 0x00007ffb3a89e000 	C:\WINDOWS\WinSxS\amd64_microsoft.windows.common-controls_6595b64144ccf1df_6.0.22621.608_none_a9444ca7c10bb01d\COMCTL32.dll
0x00007ffb4abd0000 - 0x00007ffb4abf6000 	C:\WINDOWS\System32\win32u.dll
0x00007ffb4be40000 - 0x00007ffb4bee7000 	C:\WINDOWS\System32\msvcrt.dll
0x00007ffb4ce80000 - 0x00007ffb4cea9000 	C:\WINDOWS\System32\GDI32.dll
0x00007ffb4ad60000 - 0x00007ffb4ae73000 	C:\WINDOWS\System32\gdi32full.dll
0x00007ffb4ac00000 - 0x00007ffb4ac9a000 	C:\WINDOWS\System32\msvcp_win.dll
0x00007ffb4b870000 - 0x00007ffb4b8a1000 	C:\WINDOWS\System32\IMM32.DLL
0x00007ffb40d10000 - 0x00007ffb40d1c000 	C:\Program Files\JetBrains\PhpStorm 2022.3.3\jbr\bin\vcruntime140_1.dll
0x00007ffb1a130000 - 0x00007ffb1a1bd000 	C:\Program Files\JetBrains\PhpStorm 2022.3.3\jbr\bin\msvcp140.dll
0x00007ffb08b80000 - 0x00007ffb097ed000 	C:\Program Files\JetBrains\PhpStorm 2022.3.3\jbr\bin\server\jvm.dll
0x00007ffb4bb00000 - 0x00007ffb4bbae000 	C:\WINDOWS\System32\ADVAPI32.dll
0x00007ffb4b220000 - 0x00007ffb4b2c4000 	C:\WINDOWS\System32\sechost.dll
0x00007ffb4d260000 - 0x00007ffb4d377000 	C:\WINDOWS\System32\RPCRT4.dll
0x00007ffb427a0000 - 0x00007ffb427a9000 	C:\WINDOWS\SYSTEM32\WSOCK32.dll
0x00007ffb43d30000 - 0x00007ffb43d64000 	C:\WINDOWS\SYSTEM32\WINMM.dll
0x00007ffb4b9d0000 - 0x00007ffb4ba41000 	C:\WINDOWS\System32\WS2_32.dll
0x00007ffb40840000 - 0x00007ffb4084a000 	C:\WINDOWS\SYSTEM32\VERSION.dll
0x00007ffb49990000 - 0x00007ffb499a8000 	C:\WINDOWS\SYSTEM32\kernel.appcore.dll
0x00007ffb40880000 - 0x00007ffb4088a000 	C:\Program Files\JetBrains\PhpStorm 2022.3.3\jbr\bin\jimage.dll
0x00007ffb48160000 - 0x00007ffb4838e000 	C:\WINDOWS\SYSTEM32\DBGHELP.DLL
0x00007ffb4c220000 - 0x00007ffb4c5a9000 	C:\WINDOWS\System32\combase.dll
0x00007ffb4cda0000 - 0x00007ffb4ce77000 	C:\WINDOWS\System32\OLEAUT32.dll
0x00007ffb42290000 - 0x00007ffb422c2000 	C:\WINDOWS\SYSTEM32\dbgcore.DLL
0x00007ffb4a970000 - 0x00007ffb4a9eb000 	C:\WINDOWS\System32\bcryptPrimitives.dll
0x00007ffb2a4e0000 - 0x00007ffb2a505000 	C:\Program Files\JetBrains\PhpStorm 2022.3.3\jbr\bin\java.dll

dbghelp: loaded successfully - version: 4.0.5 - missing functions: none
symbol engine: initialized successfully - sym options: 0x614 - pdb path: .;C:\Program Files\JetBrains\PhpStorm 2022.3.3\jbr\bin;C:\WINDOWS\SYSTEM32;C:\WINDOWS\WinSxS\amd64_microsoft.windows.common-controls_6595b64144ccf1df_6.0.22621.608_none_a9444ca7c10bb01d;C:\Program Files\JetBrains\PhpStorm 2022.3.3\jbr\bin\server

VM Arguments:
java_command: git4idea.http.GitAskPassApp Password for 'https://hyNetz@bitbucket.org': 
java_class_path (initial): C:/Program Files/JetBrains/PhpStorm 2022.3.3/plugins/vcs-git/lib/git4idea-rt.jar;C:/Program Files/JetBrains/PhpStorm 2022.3.3/lib/externalProcess-rt.jar;C:/Program Files/JetBrains/PhpStorm 2022.3.3/lib/app.jar;C:/Program Files/JetBrains/PhpStorm 2022.3.3/lib/3rd-party-rt.jar
Launcher Type: SUN_STANDARD

[Global flags]
     intx CICompilerCount                          = 12                                        {product} {ergonomic}
     uint ConcGCThreads                            = 3                                         {product} {ergonomic}
     uint G1ConcRefinementThreads                  = 13                                        {product} {ergonomic}
   size_t G1HeapRegionSize                         = 4194304                                   {product} {ergonomic}
    uintx GCDrainStackTargetSize                   = 64                                        {product} {ergonomic}
   size_t InitialHeapSize                          = 394264576                                 {product} {ergonomic}
   size_t MarkStackSize                            = 4194304                                   {product} {ergonomic}
   size_t MaxHeapSize                              = 6278873088                                {product} {ergonomic}
   size_t MinHeapDeltaBytes                        = 4194304                                   {product} {ergonomic}
   size_t MinHeapSize                              = 8388608                                   {product} {ergonomic}
    uintx NonNMethodCodeHeapSize                   = 7602480                                {pd product} {ergonomic}
    uintx NonProfiledCodeHeapSize                  = 122027880                              {pd product} {ergonomic}
    uintx ProfiledCodeHeapSize                     = 122027880                              {pd product} {ergonomic}
    uintx ReservedCodeCacheSize                    = 251658240                              {pd product} {ergonomic}
     bool SegmentedCodeCache                       = true                                      {product} {ergonomic}
   size_t SoftMaxHeapSize                          = 6278873088                             {manageable} {ergonomic}
     bool UseCompressedClassPointers               = true                           {product lp64_product} {ergonomic}
     bool UseCompressedOops                        = true                           {product lp64_product} {ergonomic}
     bool UseG1GC                                  = true                                      {product} {ergonomic}
     bool UseLargePagesIndividualAllocation        = false                                  {pd product} {ergonomic}

Logging:
Log output configuration:
 #0: stdout all=warning uptime,level,tags
 #1: stderr all=off uptime,level,tags

Environment Variables:
JAVA_HOME=C:\Program Files\Java\jdk-17.0.3.1
PATH=C:\Program Files\Git\mingw64\libexec\git-core;C:\Program Files\Git\mingw64\libexec\git-core;C:\Program Files\Git\mingw64\bin;C:\Program Files\Git\usr\bin;C:\Users\ASUS\bin;C:\Program Files\Common Files\Oracle\Java\javapath;C:\WINDOWS\system32;C:\WINDOWS;C:\WINDOWS\System32\Wbem;C:\WINDOWS\System32\WindowsPowerShell\v1.0;C:\WINDOWS\System32\OpenSSH;C:\Program Files\Java\jdk-17.0.3.1\bin;C:\Program Files\Git\cmd;C:\wamp64\bin\php\php7.2.34;C:\composer;C:\Program Files\nodejs;C:\Users\ASUS\AppData\Local\pnpm;C:\Users\ASUS\AppData\Local\Microsoft\WindowsApps;C:\Users\ASUS\AppData\Local\GitHubDesktop\bin;C:\Program Files\JetBrains\IntelliJ IDEA 2022.3.2\bin;C:\Users\ASUS\AppData\Local\Programs\Microsoft VS Code\bin;C:\Users\ASUS\AppData\Roaming\Composer\vendor\bin;C:\Users\ASUS\AppData\Roaming\npm
USERNAME=ASUS
DISPLAY=:0.0
LC_ALL=en_US.UTF-8
TERM=xterm-256color
TMPDIR=C:\Users\ASUS\AppData\Local\Temp
OS=Windows_NT
PROCESSOR_IDENTIFIER=AMD64 Family 23 Model 104 Stepping 1, AuthenticAMD
TMP=C:\Users\ASUS\AppData\Local\Temp
TEMP=C:\Users\ASUS\AppData\Local\Temp



---------------  S Y S T E M  ---------------

OS:
 Windows 11 , 64 bit Build 22621 (10.0.22621.1485)
OS uptime: 14 days 23:13 hours

CPU: total 16 (initial active 16) (16 cores per cpu, 2 threads per core) family 23 model 104 stepping 1 microcode 0x0, cx8, cmov, fxsr, ht, mmx, 3dnowpref, sse, sse2, sse3, ssse3, sse4a, sse4.1, sse4.2, popcnt, lzcnt, tsc, tscinvbit, avx, avx2, aes, clmul, bmi1, bmi2, adx, sha, fma, vzeroupper, clflush, clflushopt

Memory: 4k page, system-wide physical 23947M (1951M free)
TotalPageFile size 54752M (AvailPageFile size 306M)
current process WorkingSet (physical memory assigned to process): 11M, peak: 11M
current process commit charge ("private bytes"): 70M, peak: 446M

vm_info: OpenJDK 64-Bit Server VM (17.0.6+1-b653.34) for windows-amd64 JRE (17.0.6+1-b653.34), built on 2023-02-24 by "builduser" with MS VC++ 16.10 / 16.11 (VS2019)

END.
