2026-09-29 13:02:23 [127.0.0.1][-][vip5tftm3ugbmijgq4d5tpo8dl][error][yii\web\HttpException:401] yii\web\UnauthorizedHttpException: Invalid or expired session. Please log in again. in C:\Users\Administrator\Downloads\DFAR\dfar_ms\backend\components\Controller.php:77
Stack trace:
#0 C:\Users\Administrator\Downloads\DFAR\dfar_ms\vendor\yiisoft\yii2\base\Controller.php(180): backend\components\Controller->beforeAction(Object(yii\base\InlineAction))
#1 C:\Users\Administrator\Downloads\DFAR\dfar_ms\vendor\yiisoft\yii2\base\Module.php(547): yii\base\Controller->runAction('', Array)
#2 C:\Users\Administrator\Downloads\DFAR\dfar_ms\vendor\yiisoft\yii2\web\Application.php(105): yii\base\Module->runAction('', Array)
#3 C:\Users\Administrator\Downloads\DFAR\dfar_ms\vendor\yiisoft\yii2\base\Application.php(382): yii\web\Application->handleRequest(Object(yii\web\Request))
#4 C:\Users\Administrator\Downloads\DFAR\dfar_ms\frontend\web\index.php(18): yii\base\Application->run()
#5 C:\Users\Administrator\Downloads\DFAR\dfar_ms\frontend\web\router.php(10): require_once('C:\\Users\\Admini...')
#6 {main}
2026-09-29 13:02:23 [127.0.0.1][-][vip5tftm3ugbmijgq4d5tpo8dl][info][application] $_GET = []

$_POST = []

$_FILES = []

$_COOKIE = []

$_SESSION = [
    '__flash' => []
]

$_SERVER = [
    'DOCUMENT_ROOT' => 'C:\\Users\\Administrator\\Downloads\\DFAR\\dfar_ms\\frontend\\web'
    'REMOTE_ADDR' => '127.0.0.1'
    'REMOTE_PORT' => '57371'
    'SERVER_SOFTWARE' => 'PHP 8.2.33 Development Server'
    'SERVER_PROTOCOL' => 'HTTP/1.1'
    'SERVER_NAME' => '127.0.0.1'
    'SERVER_PORT' => '8081'
    'REQUEST_URI' => '/'
    'REQUEST_METHOD' => 'GET'
    'SCRIPT_NAME' => '/index.php'
    'SCRIPT_FILENAME' => 'C:\\Users\\Administrator\\Downloads\\DFAR\\dfar_ms\\frontend\\web\\index.php'
    'PHP_SELF' => '/index.php'
    'HTTP_HOST' => '127.0.0.1:8081'
    'HTTP_USER_AGENT' => 'curl/8.21.0'
    'HTTP_ACCEPT' => '*/*'
    'REQUEST_TIME_FLOAT' => 1790667143.0761
    'REQUEST_TIME' => 1790667143
]
2026-09-29 18:09:51 [127.0.0.1][-][geq0al33iu634hlp7b0qj0opmq][error][yii\web\HttpException:401] yii\web\UnauthorizedHttpException: Invalid or expired session. Please log in again. in C:\Users\Administrator\Downloads\HEALTH+MSDFAR\MSDFAR\dfar_ms\backend\components\Controller.php:79
Stack trace:
#0 C:\Users\Administrator\Downloads\HEALTH+MSDFAR\MSDFAR\dfar_ms\vendor\yiisoft\yii2\base\Controller.php(180): backend\components\Controller->beforeAction(Object(yii\base\InlineAction))
#1 C:\Users\Administrator\Downloads\HEALTH+MSDFAR\MSDFAR\dfar_ms\vendor\yiisoft\yii2\base\Module.php(547): yii\base\Controller->runAction('', Array)
#2 C:\Users\Administrator\Downloads\HEALTH+MSDFAR\MSDFAR\dfar_ms\vendor\yiisoft\yii2\web\Application.php(105): yii\base\Module->runAction('', Array)
#3 C:\Users\Administrator\Downloads\HEALTH+MSDFAR\MSDFAR\dfar_ms\vendor\yiisoft\yii2\base\Application.php(382): yii\web\Application->handleRequest(Object(yii\web\Request))
#4 C:\Users\Administrator\Downloads\HEALTH+MSDFAR\MSDFAR\dfar_ms\frontend\web\index.php(18): yii\base\Application->run()
#5 C:\Users\Administrator\Downloads\HEALTH+MSDFAR\MSDFAR\dfar_ms\frontend\web\router.php(10): require_once('C:\\Users\\Admini...')
#6 {main}
2026-09-29 18:09:50 [127.0.0.1][-][geq0al33iu634hlp7b0qj0opmq][info][application] $_GET = []

$_POST = []

$_FILES = []

$_COOKIE = []

$_SESSION = [
    '__flash' => []
]

$_SERVER = [
    'DOCUMENT_ROOT' => 'C:\\Users\\Administrator\\Downloads\\HEALTH+MSDFAR\\MSDFAR\\dfar_ms\\frontend\\web'
    'REMOTE_ADDR' => '127.0.0.1'
    'REMOTE_PORT' => '49353'
    'SERVER_SOFTWARE' => 'PHP 8.2.33 Development Server'
    'SERVER_PROTOCOL' => 'HTTP/1.1'
    'SERVER_NAME' => '127.0.0.1'
    'SERVER_PORT' => '8081'
    'REQUEST_URI' => '/'
    'REQUEST_METHOD' => 'HEAD'
    'SCRIPT_NAME' => '/index.php'
    'SCRIPT_FILENAME' => 'C:\\Users\\Administrator\\Downloads\\HEALTH+MSDFAR\\MSDFAR\\dfar_ms\\frontend\\web\\index.php'
    'PHP_SELF' => '/index.php'
    'HTTP_HOST' => '127.0.0.1:8081'
    'HTTP_USER_AGENT' => 'curl/8.21.0'
    'HTTP_ACCEPT' => '*/*'
    'REQUEST_TIME_FLOAT' => 1790685590.9445
    'REQUEST_TIME' => 1790685590
]
2026-09-29 18:14:47 [127.0.0.1][-][eejdgnmk2iqiv3k6ffmb7mtbjd][error][yii\web\HttpException:401] yii\web\UnauthorizedHttpException: Invalid or expired session. Please log in again. in C:\Users\Administrator\Downloads\HEALTH+MSDFAR\MSDFAR\dfar_ms\backend\components\Controller.php:79
Stack trace:
#0 C:\Users\Administrator\Downloads\HEALTH+MSDFAR\MSDFAR\dfar_ms\vendor\yiisoft\yii2\base\Controller.php(180): backend\components\Controller->beforeAction(Object(yii\base\InlineAction))
#1 C:\Users\Administrator\Downloads\HEALTH+MSDFAR\MSDFAR\dfar_ms\vendor\yiisoft\yii2\base\Module.php(547): yii\base\Controller->runAction('', Array)
#2 C:\Users\Administrator\Downloads\HEALTH+MSDFAR\MSDFAR\dfar_ms\vendor\yiisoft\yii2\web\Application.php(105): yii\base\Module->runAction('', Array)
#3 C:\Users\Administrator\Downloads\HEALTH+MSDFAR\MSDFAR\dfar_ms\vendor\yiisoft\yii2\base\Application.php(382): yii\web\Application->handleRequest(Object(yii\web\Request))
#4 C:\Users\Administrator\Downloads\HEALTH+MSDFAR\MSDFAR\dfar_ms\frontend\web\index.php(18): yii\base\Application->run()
#5 C:\Users\Administrator\Downloads\HEALTH+MSDFAR\MSDFAR\dfar_ms\frontend\web\router.php(10): require_once('C:\\Users\\Admini...')
#6 {main}
2026-09-29 18:14:47 [127.0.0.1][-][eejdgnmk2iqiv3k6ffmb7mtbjd][info][application] $_GET = []

$_POST = []

$_FILES = []

$_COOKIE = [
    'advanced-backend' => 'alts5ps5ig56rcl7712ap76hc2'
    '_csrf-backend' => '880c17358809e89f8eaff5af09183f124a979d5442139cddb74e848f13bd67eca:2:{i:0;s:13:\"_csrf-backend\";i:1;s:32:\"AWsuocxfSGhf256bg12LTPWT5tieHfyV\";}'
]

$_SESSION = [
    '__flash' => []
]

$_SERVER = [
    'DOCUMENT_ROOT' => 'C:\\Users\\Administrator\\Downloads\\HEALTH+MSDFAR\\MSDFAR\\dfar_ms\\frontend\\web'
    'REMOTE_ADDR' => '127.0.0.1'
    'REMOTE_PORT' => '59789'
    'SERVER_SOFTWARE' => 'PHP 8.2.33 Development Server'
    'SERVER_PROTOCOL' => 'HTTP/1.1'
    'SERVER_NAME' => '127.0.0.1'
    'SERVER_PORT' => '8081'
    'REQUEST_URI' => '/'
    'REQUEST_METHOD' => 'GET'
    'SCRIPT_NAME' => '/index.php'
    'SCRIPT_FILENAME' => 'C:\\Users\\Administrator\\Downloads\\HEALTH+MSDFAR\\MSDFAR\\dfar_ms\\frontend\\web\\index.php'
    'PHP_SELF' => '/index.php'
    'HTTP_HOST' => 'localhost:8081'
    'HTTP_CONNECTION' => 'keep-alive'
    'HTTP_SEC_CH_UA' => '\"Chromium\";v=\"154\", \"Microsoft Edge\";v=\"154\", \"Not A(Brand\";v=\"99\"'
    'HTTP_SEC_CH_UA_MOBILE' => '?0'
    'HTTP_SEC_CH_UA_PLATFORM' => '\"Windows\"'
    'HTTP_UPGRADE_INSECURE_REQUESTS' => '1'
    'HTTP_USER_AGENT' => 'Mozilla/5.0 (Windows NT 10.0; Win64; x64) AppleWebKit/537.36 (KHTML, like Gecko) Chrome/154.0.0.0 Safari/537.36 Edg/154.0.0.0'
    'HTTP_ACCEPT' => 'text/html,application/xhtml+xml,application/xml;q=0.9,image/avif,image/webp,image/apng,*/*;q=0.8,application/signed-exchange;v=b3;q=0.7'
    'HTTP_SEC_FETCH_SITE' => 'none'
    'HTTP_SEC_FETCH_MODE' => 'navigate'
    'HTTP_SEC_FETCH_USER' => '?1'
    'HTTP_SEC_FETCH_DEST' => 'document'
    'HTTP_ACCEPT_ENCODING' => 'gzip, deflate, br, zstd'
    'HTTP_ACCEPT_LANGUAGE' => 'en-US,en;q=0.9,si;q=0.8'
    'HTTP_COOKIE' => 'advanced-backend=alts5ps5ig56rcl7712ap76hc2; _csrf-backend=880c17358809e89f8eaff5af09183f124a979d5442139cddb74e848f13bd67eca%3A2%3A%7Bi%3A0%3Bs%3A13%3A%22_csrf-backend%22%3Bi%3A1%3Bs%3A32%3A%22AWsuocxfSGhf256bg12LTPWT5tieHfyV%22%3B%7D'
    'REQUEST_TIME_FLOAT' => 1790685887.168
    'REQUEST_TIME' => 1790685887
]
2026-09-30 08:59:52 [127.0.0.1][-][k3agr15bm5ucijbibfh9627ed6][error][yii\web\HttpException:401] yii\web\UnauthorizedHttpException: Invalid or expired session. Please log in again. in C:\Users\Administrator\Downloads\HEALTH+MSDFAR\MSDFAR\dfar_ms\backend\components\Controller.php:79
Stack trace:
#0 C:\Users\Administrator\Downloads\HEALTH+MSDFAR\MSDFAR\dfar_ms\vendor\yiisoft\yii2\base\Controller.php(180): backend\components\Controller->beforeAction(Object(yii\base\InlineAction))
#1 C:\Users\Administrator\Downloads\HEALTH+MSDFAR\MSDFAR\dfar_ms\vendor\yiisoft\yii2\base\Module.php(547): yii\base\Controller->runAction('', Array)
#2 C:\Users\Administrator\Downloads\HEALTH+MSDFAR\MSDFAR\dfar_ms\vendor\yiisoft\yii2\web\Application.php(105): yii\base\Module->runAction('', Array)
#3 C:\Users\Administrator\Downloads\HEALTH+MSDFAR\MSDFAR\dfar_ms\vendor\yiisoft\yii2\base\Application.php(382): yii\web\Application->handleRequest(Object(yii\web\Request))
#4 C:\Users\Administrator\Downloads\HEALTH+MSDFAR\MSDFAR\dfar_ms\frontend\web\index.php(18): yii\base\Application->run()
#5 C:\Users\Administrator\Downloads\HEALTH+MSDFAR\MSDFAR\dfar_ms\frontend\web\router.php(10): require_once('C:\\Users\\Admini...')
#6 {main}
2026-09-30 08:59:52 [127.0.0.1][-][k3agr15bm5ucijbibfh9627ed6][info][application] $_GET = []

$_POST = []

$_FILES = []

$_COOKIE = []

$_SESSION = [
    '__flash' => []
]

$_SERVER = [
    'DOCUMENT_ROOT' => 'C:\\Users\\Administrator\\Downloads\\HEALTH+MSDFAR\\MSDFAR\\dfar_ms\\frontend\\web'
    'REMOTE_ADDR' => '127.0.0.1'
    'REMOTE_PORT' => '51634'
    'SERVER_SOFTWARE' => 'PHP 8.2.33 Development Server'
    'SERVER_PROTOCOL' => 'HTTP/1.1'
    'SERVER_NAME' => '127.0.0.1'
    'SERVER_PORT' => '8081'
    'REQUEST_URI' => '/'
    'REQUEST_METHOD' => 'GET'
    'SCRIPT_NAME' => '/index.php'
    'SCRIPT_FILENAME' => 'C:\\Users\\Administrator\\Downloads\\HEALTH+MSDFAR\\MSDFAR\\dfar_ms\\frontend\\web\\index.php'
    'PHP_SELF' => '/index.php'
    'HTTP_USER_AGENT' => 'Mozilla/5.0 (Windows NT; Windows NT 10.0; en-US) WindowsPowerShell/5.1.26100.9444'
    'HTTP_HOST' => '127.0.0.1:8081'
    'HTTP_CONNECTION' => 'Keep-Alive'
    'REQUEST_TIME_FLOAT' => 1790738992.9258
    'REQUEST_TIME' => 1790738992
]
2026-09-30 08:59:59 [127.0.0.1][-][ofvo2n63qstf3nf7n2qulsuhcf][error][yii\web\HttpException:401] yii\web\UnauthorizedHttpException: Invalid or expired session. Please log in again. in C:\Users\Administrator\Downloads\HEALTH+MSDFAR\MSDFAR\dfar_ms\backend\components\Controller.php:79
Stack trace:
#0 C:\Users\Administrator\Downloads\HEALTH+MSDFAR\MSDFAR\dfar_ms\vendor\yiisoft\yii2\base\Controller.php(180): backend\components\Controller->beforeAction(Object(yii\base\InlineAction))
#1 C:\Users\Administrator\Downloads\HEALTH+MSDFAR\MSDFAR\dfar_ms\vendor\yiisoft\yii2\base\Module.php(547): yii\base\Controller->runAction('', Array)
#2 C:\Users\Administrator\Downloads\HEALTH+MSDFAR\MSDFAR\dfar_ms\vendor\yiisoft\yii2\web\Application.php(105): yii\base\Module->runAction('', Array)
#3 C:\Users\Administrator\Downloads\HEALTH+MSDFAR\MSDFAR\dfar_ms\vendor\yiisoft\yii2\base\Application.php(382): yii\web\Application->handleRequest(Object(yii\web\Request))
#4 C:\Users\Administrator\Downloads\HEALTH+MSDFAR\MSDFAR\dfar_ms\frontend\web\index.php(18): yii\base\Application->run()
#5 C:\Users\Administrator\Downloads\HEALTH+MSDFAR\MSDFAR\dfar_ms\frontend\web\router.php(10): require_once('C:\\Users\\Admini...')
#6 {main}
2026-09-30 08:59:59 [127.0.0.1][-][ofvo2n63qstf3nf7n2qulsuhcf][info][application] $_GET = []

$_POST = []

$_FILES = []

$_COOKIE = []

$_SESSION = [
    '__flash' => []
]

$_SERVER = [
    'DOCUMENT_ROOT' => 'C:\\Users\\Administrator\\Downloads\\HEALTH+MSDFAR\\MSDFAR\\dfar_ms\\frontend\\web'
    'REMOTE_ADDR' => '127.0.0.1'
    'REMOTE_PORT' => '51637'
    'SERVER_SOFTWARE' => 'PHP 8.2.33 Development Server'
    'SERVER_PROTOCOL' => 'HTTP/1.1'
    'SERVER_NAME' => '127.0.0.1'
    'SERVER_PORT' => '8081'
    'REQUEST_URI' => '/'
    'REQUEST_METHOD' => 'HEAD'
    'SCRIPT_NAME' => '/index.php'
    'SCRIPT_FILENAME' => 'C:\\Users\\Administrator\\Downloads\\HEALTH+MSDFAR\\MSDFAR\\dfar_ms\\frontend\\web\\index.php'
    'PHP_SELF' => '/index.php'
    'HTTP_HOST' => '127.0.0.1:8081'
    'HTTP_USER_AGENT' => 'curl/8.21.0'
    'HTTP_ACCEPT' => '*/*'
    'REQUEST_TIME_FLOAT' => 1790738999.8676
    'REQUEST_TIME' => 1790738999
]
